2026-07-12T14:59:56.840+07:00  INFO 547471 --- [Lavalink] [main] lavalink.server.Launcher                 : Starting Launcher v4.2.2 using Java 17.0.19 with PID 547471 (/home/gool/BotDisLava/LavalinkServer/Lavalink.jar started by gool in /home/gool/BotDisLava/LavalinkServer)
2026-07-12T14:59:56.845+07:00  INFO 547471 --- [Lavalink] [main] lavalink.server.Launcher                 : No active profile set, falling back to 1 default profile: "default"
2026-07-12T14:59:58.410+07:00  INFO 547471 --- [Lavalink] [main] o.s.cloud.context.scope.GenericScope     : BeanFactory id=3d6bf653-92ea-3fde-943a-10b9f8cd696e
2026-07-12T14:59:59.178+07:00  INFO 547471 --- [Lavalink] [main] l.server.bootstrap.PluginManager         : Found plugin 'youtube-plugin' version '1.18.1'
2026-07-12T15:00:00.868+07:00  INFO 547471 --- [Lavalink] [main] l.server.bootstrap.PluginManager         : Loaded 'youtube-plugin-1.18.1.jar' (17 classes)
2026-07-12T15:00:01.404+07:00  INFO 547471 --- [Lavalink] [main] lavalink.server.Launcher                 : Started Launcher in 5.962 seconds (process running for 7.561)
2026-07-12T15:00:01.638+07:00  INFO 547471 --- [Lavalink] [main] lavalink.server.Launcher                 : 

[32m       .  [31m _                  _ _       _    [32m__ _ _
[32m      /\\ [31m| | __ ___   ____ _| (_)_ __ | | __[32m\ \ \ \
[32m     ( ( )[31m| |/ _` \ \ / / _` | | | '_ \| |/ /[32m \ \ \ \
[32m      \\/ [31m| | (_| |\ V / (_| | | | | | |   < [32m  ) ) ) )
[32m       '  [31m|_|\__,_| \_/ \__,_|_|_|_| |_|_|\_\[32m / / / /
[0m    =========================================[32m/_/_/_/[0m

	Version:        4.2.2
	Build time:     06.03.2026 23:24:16 UTC
	Branch          HEAD
	Commit:         e8503fd
	Commit time:    06.03.2026 23:21:15 UTC
	JVM:            17.0.19
	Lavaplayer      2.2.6

2026-07-12T15:00:01.661+07:00  INFO 547471 --- [Lavalink] [main] lavalink.server.Launcher                 : No active profile set, falling back to 1 default profile: "default"
2026-07-12T15:00:03.518+07:00  WARN 547471 --- [Lavalink] [main] io.undertow.websockets.jsr               : UT026010: Buffer pool was not set on WebSocketDeploymentInfo, the default pool will be used
2026-07-12T15:00:03.586+07:00  INFO 547471 --- [Lavalink] [main] io.undertow.servlet                      : Initializing Spring embedded WebApplicationContext
2026-07-12T15:00:03.590+07:00  INFO 547471 --- [Lavalink] [main] w.s.c.ServletWebServerApplicationContext : Root WebApplicationContext: initialization completed in 1919 ms
2026-07-12T15:00:05.758+07:00  INFO 547471 --- [Lavalink] [main] c.s.d.l.tools.GarbageCollectionMonitor   : GC monitoring enabled, reporting results every 2 minutes.
2026-07-12T15:00:06.199+07:00  WARN 547471 --- [Lavalink] [main] d.l.youtube.plugin.YoutubePluginLoader   : Missing "youtube.clients" or ClientProvider not initialised! Default clients will be used.
2026-07-12T15:00:06.249+07:00  INFO 547471 --- [Lavalink] [main] d.l.youtube.plugin.YoutubePluginLoader   : YouTube source initialised with clients: WEB_REMIX, ANDROID_VR, WEB, WEB_EMBEDDED_PLAYER 
2026-07-12T15:00:06.270+07:00  WARN 547471 --- [Lavalink] [main] l.server.config.SentryConfiguration      : Turning off sentry
2026-07-12T15:00:06.682+07:00  INFO 547471 --- [Lavalink] [main] l.server.config.KoeConfiguration         : OS: LINUX, Arch: X86_64
2026-07-12T15:00:06.685+07:00  INFO 547471 --- [Lavalink] [main] l.server.config.KoeConfiguration         : Enabling JDA-NAS
2026-07-12T15:00:06.695+07:00  INFO 547471 --- [Lavalink] [main] c.s.l.c.natives.NativeLibraryLoader      : Native library udpqueue: loading with filter null
2026-07-12T15:00:06.706+07:00  INFO 547471 --- [Lavalink] [main] c.s.l.c.natives.NativeLibraryLoader      : Native library udpqueue: successfully loaded.
2026-07-12T15:00:07.414+07:00  INFO 547471 --- [Lavalink] [main] io.undertow                              : starting server: Undertow - 2.3.13.Final
2026-07-12T15:00:07.434+07:00  INFO 547471 --- [Lavalink] [main] org.xnio                                 : XNIO version 3.8.8.Final
2026-07-12T15:00:07.460+07:00  INFO 547471 --- [Lavalink] [main] org.xnio.nio                             : XNIO NIO Implementation Version 3.8.8.Final
2026-07-12T15:00:07.603+07:00  INFO 547471 --- [Lavalink] [main] org.jboss.threads                        : JBoss Threads version 3.5.0.Final
2026-07-12T15:00:07.682+07:00  INFO 547471 --- [Lavalink] [main] o.s.b.w.e.undertow.UndertowWebServer     : Undertow started on port 2333 (http) with context path '/'
2026-07-12T15:00:07.719+07:00  INFO 547471 --- [Lavalink] [main] lavalink.server.Launcher                 : Started Launcher in 6.303 seconds (process running for 13.876)
2026-07-12T15:00:07.723+07:00  INFO 547471 --- [Lavalink] [main] lavalink.server.Launcher                 : Lavalink is ready to accept connections.
2026-07-12T15:00:14.765+07:00  INFO 547471 --- [Lavalink] [XNIO-1 task-2] io.undertow.servlet                      : Initializing Spring DispatcherServlet 'dispatcherServlet'
2026-07-12T15:00:14.767+07:00  INFO 547471 --- [Lavalink] [XNIO-1 task-2] o.s.web.servlet.DispatcherServlet        : Initializing Servlet 'dispatcherServlet'
2026-07-12T15:00:14.770+07:00  INFO 547471 --- [Lavalink] [XNIO-1 task-2] o.s.web.servlet.DispatcherServlet        : Completed initialization in 3 ms
2026-07-12T15:00:14.823+07:00 ERROR 547471 --- [Lavalink] [XNIO-1 task-2] l.server.io.HandshakeInterceptorImpl     : Authentication failed from /127.0.0.1:41050
2026-07-12T15:00:14.826+07:00  INFO 547471 --- [Lavalink] [XNIO-1 task-2] l.server.io.RequestLoggingFilter         : GET /v4/websocket
2026-07-12T15:00:19.869+07:00 ERROR 547471 --- [Lavalink] [XNIO-1 task-2] l.server.io.HandshakeInterceptorImpl     : Authentication failed from /127.0.0.1:44632
2026-07-12T15:00:19.873+07:00  INFO 547471 --- [Lavalink] [XNIO-1 task-2] l.server.io.RequestLoggingFilter         : GET /v4/websocket
2026-07-12T15:00:24.887+07:00 ERROR 547471 --- [Lavalink] [XNIO-1 task-2] l.server.io.HandshakeInterceptorImpl     : Authentication failed from /127.0.0.1:44638
2026-07-12T15:00:24.889+07:00  INFO 547471 --- [Lavalink] [XNIO-1 task-2] l.server.io.RequestLoggingFilter         : GET /v4/websocket
2026-07-12T15:01:50.423+07:00 ERROR 547471 --- [Lavalink] [XNIO-1 task-2] l.server.io.HandshakeInterceptorImpl     : Authentication failed from /127.0.0.1:38262
2026-07-12T15:01:50.427+07:00  INFO 547471 --- [Lavalink] [XNIO-1 task-2] l.server.io.RequestLoggingFilter         : GET /v4/websocket
2026-07-12T15:01:55.441+07:00 ERROR 547471 --- [Lavalink] [XNIO-1 task-2] l.server.io.HandshakeInterceptorImpl     : Authentication failed from /127.0.0.1:38276
2026-07-12T15:01:55.445+07:00  INFO 547471 --- [Lavalink] [XNIO-1 task-2] l.server.io.RequestLoggingFilter         : GET /v4/websocket
2026-07-12T15:02:00.460+07:00 ERROR 547471 --- [Lavalink] [XNIO-1 task-2] l.server.io.HandshakeInterceptorImpl     : Authentication failed from /127.0.0.1:33768
2026-07-12T15:02:00.461+07:00  INFO 547471 --- [Lavalink] [XNIO-1 task-2] l.server.io.RequestLoggingFilter         : GET /v4/websocket
2026-07-12T15:02:57.392+07:00  INFO 547471 --- [Lavalink] [SpringApplicationShutdownHook] io.undertow                              : stopping server: Undertow - 2.3.13.Final
2026-07-12T15:02:57.402+07:00  INFO 547471 --- [Lavalink] [SpringApplicationShutdownHook] io.undertow.servlet                      : Destroying Spring FrameworkServlet 'dispatcherServlet'
2026-07-12T15:02:57.407+07:00  INFO 547471 --- [Lavalink] [SpringApplicationShutdownHook] c.s.d.l.tools.GarbageCollectionMonitor   : GC monitoring disabled.
2026-07-12T15:03:01.959+07:00  INFO 548356 --- [Lavalink] [main] lavalink.server.Launcher                 : Starting Launcher v4.2.2 using Java 17.0.19 with PID 548356 (/home/gool/BotDisLava/LavalinkServer/Lavalink.jar started by gool in /home/gool/BotDisLava/LavalinkServer)
2026-07-12T15:03:01.967+07:00  INFO 548356 --- [Lavalink] [main] lavalink.server.Launcher                 : No active profile set, falling back to 1 default profile: "default"
2026-07-12T15:03:03.709+07:00  INFO 548356 --- [Lavalink] [main] o.s.cloud.context.scope.GenericScope     : BeanFactory id=3d6bf653-92ea-3fde-943a-10b9f8cd696e
2026-07-12T15:03:04.501+07:00  INFO 548356 --- [Lavalink] [main] l.server.bootstrap.PluginManager         : Found plugin 'youtube-plugin' version '1.18.1'
2026-07-12T15:03:06.213+07:00  INFO 548356 --- [Lavalink] [main] l.server.bootstrap.PluginManager         : Loaded 'youtube-plugin-1.18.1.jar' (17 classes)
2026-07-12T15:03:06.768+07:00  INFO 548356 --- [Lavalink] [main] lavalink.server.Launcher                 : Started Launcher in 6.439 seconds (process running for 8.877)
2026-07-12T15:03:07.003+07:00  INFO 548356 --- [Lavalink] [main] lavalink.server.Launcher                 : 

[32m       .  [31m _                  _ _       _    [32m__ _ _
[32m      /\\ [31m| | __ ___   ____ _| (_)_ __ | | __[32m\ \ \ \
[32m     ( ( )[31m| |/ _` \ \ / / _` | | | '_ \| |/ /[32m \ \ \ \
[32m      \\/ [31m| | (_| |\ V / (_| | | | | | |   < [32m  ) ) ) )
[32m       '  [31m|_|\__,_| \_/ \__,_|_|_|_| |_|_|\_\[32m / / / /
[0m    =========================================[32m/_/_/_/[0m

	Version:        4.2.2
	Build time:     06.03.2026 23:24:16 UTC
	Branch          HEAD
	Commit:         e8503fd
	Commit time:    06.03.2026 23:21:15 UTC
	JVM:            17.0.19
	Lavaplayer      2.2.6

2026-07-12T15:03:07.031+07:00  INFO 548356 --- [Lavalink] [main] lavalink.server.Launcher                 : No active profile set, falling back to 1 default profile: "default"
2026-07-12T15:03:08.718+07:00  WARN 548356 --- [Lavalink] [main] io.undertow.websockets.jsr               : UT026010: Buffer pool was not set on WebSocketDeploymentInfo, the default pool will be used
2026-07-12T15:03:08.798+07:00  INFO 548356 --- [Lavalink] [main] io.undertow.servlet                      : Initializing Spring embedded WebApplicationContext
2026-07-12T15:03:08.799+07:00  INFO 548356 --- [Lavalink] [main] w.s.c.ServletWebServerApplicationContext : Root WebApplicationContext: initialization completed in 1756 ms
2026-07-12T15:03:09.969+07:00  INFO 548356 --- [Lavalink] [main] c.s.d.l.tools.GarbageCollectionMonitor   : GC monitoring enabled, reporting results every 2 minutes.
2026-07-12T15:03:10.384+07:00  WARN 548356 --- [Lavalink] [main] d.l.youtube.plugin.YoutubePluginLoader   : Missing "youtube.clients" or ClientProvider not initialised! Default clients will be used.
2026-07-12T15:03:10.442+07:00  INFO 548356 --- [Lavalink] [main] d.l.youtube.plugin.YoutubePluginLoader   : YouTube source initialised with clients: WEB_REMIX, ANDROID_VR, WEB, WEB_EMBEDDED_PLAYER 
2026-07-12T15:03:10.459+07:00  WARN 548356 --- [Lavalink] [main] l.server.config.SentryConfiguration      : Turning off sentry
2026-07-12T15:03:10.844+07:00  INFO 548356 --- [Lavalink] [main] l.server.config.KoeConfiguration         : OS: LINUX, Arch: X86_64
2026-07-12T15:03:10.846+07:00  INFO 548356 --- [Lavalink] [main] l.server.config.KoeConfiguration         : Enabling JDA-NAS
2026-07-12T15:03:10.854+07:00  INFO 548356 --- [Lavalink] [main] c.s.l.c.natives.NativeLibraryLoader      : Native library udpqueue: loading with filter null
2026-07-12T15:03:10.865+07:00  INFO 548356 --- [Lavalink] [main] c.s.l.c.natives.NativeLibraryLoader      : Native library udpqueue: successfully loaded.
2026-07-12T15:03:12.129+07:00  INFO 548356 --- [Lavalink] [main] io.undertow                              : starting server: Undertow - 2.3.13.Final
2026-07-12T15:03:12.172+07:00  INFO 548356 --- [Lavalink] [main] org.xnio                                 : XNIO version 3.8.8.Final
2026-07-12T15:03:12.212+07:00  INFO 548356 --- [Lavalink] [main] org.xnio.nio                             : XNIO NIO Implementation Version 3.8.8.Final
2026-07-12T15:03:12.506+07:00  INFO 548356 --- [Lavalink] [main] org.jboss.threads                        : JBoss Threads version 3.5.0.Final
2026-07-12T15:03:12.630+07:00  INFO 548356 --- [Lavalink] [main] o.s.b.w.e.undertow.UndertowWebServer     : Undertow started on port 2333 (http) with context path '/'
2026-07-12T15:03:12.684+07:00  INFO 548356 --- [Lavalink] [main] lavalink.server.Launcher                 : Started Launcher in 5.898 seconds (process running for 14.792)
2026-07-12T15:03:12.688+07:00  INFO 548356 --- [Lavalink] [main] lavalink.server.Launcher                 : Lavalink is ready to accept connections.
2026-07-12T15:03:14.497+07:00  INFO 548356 --- [Lavalink] [XNIO-1 task-2] io.undertow.servlet                      : Initializing Spring DispatcherServlet 'dispatcherServlet'
2026-07-12T15:03:14.499+07:00  INFO 548356 --- [Lavalink] [XNIO-1 task-2] o.s.web.servlet.DispatcherServlet        : Initializing Servlet 'dispatcherServlet'
2026-07-12T15:03:14.503+07:00  INFO 548356 --- [Lavalink] [XNIO-1 task-2] o.s.web.servlet.DispatcherServlet        : Completed initialization in 3 ms
2026-07-12T15:03:14.550+07:00  INFO 548356 --- [Lavalink] [XNIO-1 task-2] l.server.io.HandshakeInterceptorImpl     : Incoming connection from /127.0.0.1:59442
2026-07-12T15:03:14.582+07:00  INFO 548356 --- [Lavalink] [XNIO-1 task-2] l.server.io.RequestLoggingFilter         : GET /v4/websocket
2026-07-12T15:03:14.662+07:00  INFO 548356 --- [Lavalink] [XNIO-1 task-2] c.s.l.c.natives.NativeLibraryLoader      : Native library dave-jvm: loading with filter null
2026-07-12T15:03:14.698+07:00  INFO 548356 --- [Lavalink] [XNIO-1 task-2] c.s.l.c.natives.NativeLibraryLoader      : Native library dave-jvm: successfully loaded.
2026-07-12T15:03:14.753+07:00  INFO 548356 --- [Lavalink] [XNIO-1 task-2] lavalink.server.io.SocketServer          : Connection successfully established from shoukaku/4.3.0 (https://github.com/shipgirlproject/Shoukaku.git)
2026-07-12T15:03:23.653+07:00  INFO 548356 --- [Lavalink] [XNIO-1 task-2] l.server.io.RequestLoggingFilter         : PATCH /v4/sessions/xjledkkyjodvn23j/players/1122899992881926174?noReplace=false, payload={"voice":{"token":"78edb77bace4091d","endpoint":"c-sin13-d1997952.discord.media:2087","sessionId":"b4d3e59c6d76a66dff19f0f353318e37","channelId":"1122899993511080061"}}
2026-07-12T15:03:23.674+07:00  INFO 548356 --- [Lavalink] [XNIO-1 task-2] l.server.io.RequestLoggingFilter         : GET /v4/sessions/xjledkkyjodvn23j/players
2026-07-12T15:03:23.718+07:00  INFO 548356 --- [Lavalink] [XNIO-1 task-2] l.server.player.AudioLoaderRestHandler   : Got request to load for identifier "ytmsearch:BOWKYLION Ft. NONT TANONT - ที่คั่นหนังสือ (Sometimes) [Official MV]"
2026-07-12T15:03:24.419+07:00  INFO 548356 --- [Lavalink] [XNIO-1 task-2] l.server.player.AudioLoaderRestHandler   : Loaded playlist Search music results for: BOWKYLION Ft. NONT TANONT - ที่คั่นหนังสือ (Sometimes) [Official MV]
2026-07-12T15:03:24.524+07:00  INFO 548356 --- [Lavalink] [XNIO-1 task-2] l.server.io.RequestLoggingFilter         : GET /v4/loadtracks?identifier=ytmsearch%3ABOWKYLION+Ft.+NONT+TANONT+-+%E0%B8%97%E0%B8%B5%E0%B9%88%E0%B8%84%E0%B8%B1%E0%B9%88%E0%B8%99%E0%B8%AB%E0%B8%99%E0%B8%B1%E0%B8%87%E0%B8%AA%E0%B8%B7%E0%B8%AD+%28Sometimes%29+%5BOfficial+MV%5D
2026-07-12T15:03:24.943+07:00  INFO 548356 --- [Lavalink] [XNIO-1 task-2] l.server.io.RequestLoggingFilter         : PATCH /v4/sessions/xjledkkyjodvn23j/players/1122899992881926174?noReplace=false, payload={"track":{"encoded":"QAAArwMASuC4l+C4teC5iOC4hOC4seC5iOC4meC4q+C4meC4seC4h+C4quC4t+C4rSAoU29tZXRpbWVzKSAoZmVhdC4gTk9OVCBUQU5PTlQpAAlCT1dLWUxJT04AAAAAAAR4iAALemx1RDYyN3Zqak0AAQAraHR0cHM6Ly93d3cueW91dHViZS5jb20vd2F0Y2g/dj16bHVENjI3dmpqTQAAAAd5b3V0dWJlAAAAAAAAAAA=","userData":{"id":"640276519603929103","bot":false,"system":false,"flags":0,"username":"gusber_04","globalName":"ไจโดซุเดตะ","discriminator":"0","avatar":"2fcab134a6c8b668943d142ad4c412e4","banner":null,"accentColor":null,"avatarDecoration":null,"avatarDecorationData":{"asset":"a_c86b11a49bb8057ce9c974a6f7ad658a","skuId":"1333866045236314327"},"collectibles":{"nameplate":{"skuId":"1377377712162738196","asset":"nameplates/nameplates_v2/sword_of_legend/","label":"COLLECTIBLES_NAMEPLATES_V2_SWORD_OF_LEGEND_A11Y","palette":"cobalt"}},"primaryGuild":{"identityGuildId":"427067963137589258","identityEnabled":true,"tag":"MEOW","badge":"83a619b6cb389b1912f76873337334a4"},"createdTimestamp":1572724218036,"defaultAvatarURL":"https://cdn.discordapp.com/embed/avatars/0.png","hexAccentColor":null,"tag":"gusber_04","avatarURL":"https://cdn.discordapp.com/avatars/640276519603929103/2fcab134a6c8b668943d142ad4c412e4.webp","displayAvatarURL":"https://cdn.discordapp.com/avatars/640276519603929103/2fcab134a6c8b668943d142ad4c412e4.webp","bannerURL":null,"guildTagBadgeURL":"https://cdn.discordapp.com/guild-tag-badges/427067963137589258/83a619b6cb389b1912f76873337334a4.webp"}},"replaceCurrent":false}
2026-07-12T15:03:25.060+07:00  INFO 548356 --- [Lavalink] [lava-daemon-pool-playback-1-thread-1] d.l.y.http.YoutubeAccessTokenTracker     : Updating YouTube visitor id succeeded, new one is CgtVMUsxOWcyOFdCZyjNlM3SBjIKCgJUSBIEGgAgEzoCCAFi3wIK3AIxOS5ZVD1aV2R4dS1OdFF5am9oSWg0T1luM3FjMTBaQk4ydzEtOFpld0IwT3E4OGJ5MTVBbkNSWFVTXzRZTGJnUm9Yd0JLS095RkhCbVduYWVwMERoaDRnQ1Q2T1BhN21xUl96dkoxNkdHSEtvT1RWOVFvSnEyaHM0R0FiMm0xSmxjaXRSV1FIQ29hekVuZE4yak5iY1FsaWFJVERuNzA4OHAyOFRuc3ZqMUVfcFZFeTdvcDMySUI1TzRVUHh6VzRucGM0Zld4cXRrak1YNjFsbXhZLUhzRDlNSHRremhFeG5NVWoxQjhKSW5YV2s2WVRqSWhVMjVQdUt1cWZYQnZmelJSVFhwY0RodURTVVdfcnpXWEx0YkNsdmI1LVpxSF9EMWEyWThteWpYMld3S1hzTk1DYlBBVnNDVWVtOERReS13T2lHa2dFX3JwM0h4ZDlZTHA0M1lRX0Yzdnc%3D, next update will be after 600 seconds.
